epoch,loss,accuracy,initialization,seed
1,0.7081017680,0.7500,xavier,42
2,0.6991159159,0.2500,xavier,42
3,0.6932632467,0.5000,xavier,42
4,0.6883778420,0.5000,xavier,42
5,0.6824490685,0.5000,xavier,42
6,0.6767564984,0.5000,xavier,42
7,0.6693702211,1.0000,xavier,42
8,0.6624944888,0.7500,xavier,42
9,0.6594684444,0.7500,xavier,42
10,0.6543343609,0.7500,xavier,42
11,0.6452044125,0.7500,xavier,42
12,0.6344904105,0.7500,xavier,42
13,0.6243165817,0.7500,xavier,42
14,0.6162389809,1.0000,xavier,42
15,0.6066021005,0.7500,xavier,42
16,0.5952733829,0.7500,xavier,42
17,0.5837428505,1.0000,xavier,42
18,0.5698597763,1.0000,xavier,42
19,0.5569542321,1.0000,xavier,42
20,0.5454197910,1.0000,xavier,42
21,0.5317375307,1.0000,xavier,42
22,0.5173486328,1.0000,xavier,42
23,0.5017555188,1.0000,xavier,42
24,0.4896735398,1.0000,xavier,42
25,0.4745442144,1.0000,xavier,42
26,0.4558640805,1.0000,xavier,42
27,0.4393582589,1.0000,xavier,42
28,0.4218416732,1.0000,xavier,42
29,0.4018704448,1.0000,xavier,42
30,0.3797319885,1.0000,xavier,42
31,0.3527647662,1.0000,xavier,42
32,0.3266443648,1.0000,xavier,42
33,0.3053278600,1.0000,xavier,42
34,0.2833497882,1.0000,xavier,42
35,0.2609087805,1.0000,xavier,42
36,0.2391583535,1.0000,xavier,42
37,0.2170580160,1.0000,xavier,42
38,0.1983257455,1.0000,xavier,42
39,0.1806959805,1.0000,xavier,42
40,0.1647132935,1.0000,xavier,42
41,0.1510469587,1.0000,xavier,42
42,0.1368774560,1.0000,xavier,42
43,0.1245663901,1.0000,xavier,42
44,0.1137823926,1.0000,xavier,42
45,0.1042406182,1.0000,xavier,42
46,0.0958827971,1.0000,xavier,42
47,0.0885559116,1.0000,xavier,42
48,0.0820062913,1.0000,xavier,42
49,0.0759872438,1.0000,xavier,42
50,0.0705359316,1.0000,xavier,42
51,0.0656628513,1.0000,xavier,42
52,0.0611784579,1.0000,xavier,42
53,0.0570150983,1.0000,xavier,42
54,0.0537667947,1.0000,xavier,42
55,0.0513485746,1.0000,xavier,42
56,0.0476078362,1.0000,xavier,42
57,0.0447222866,1.0000,xavier,42
58,0.0423582503,1.0000,xavier,42
59,0.0401563353,1.0000,xavier,42
60,0.0381047573,1.0000,xavier,42
61,0.0361927574,1.0000,xavier,42
62,0.0344140721,1.0000,xavier,42
63,0.0327615693,1.0000,xavier,42
64,0.0312203709,1.0000,xavier,42
65,0.0297828327,1.0000,xavier,42
66,0.0284419109,1.0000,xavier,42
67,0.0271989112,1.0000,xavier,42
68,0.0260326375,1.0000,xavier,42
69,0.0249433758,1.0000,xavier,42
70,0.0240686504,1.0000,xavier,42
71,0.0231529128,1.0000,xavier,42
72,0.0221928771,1.0000,xavier,42
73,0.0214132771,1.0000,xavier,42
74,0.0206782362,1.0000,xavier,42
75,0.0199957199,1.0000,xavier,42
76,0.0193505859,1.0000,xavier,42
77,0.0187403120,1.0000,xavier,42
78,0.0181625749,1.0000,xavier,42
79,0.0176152309,1.0000,xavier,42
80,0.0171063483,1.0000,xavier,42
81,0.0166205671,1.0000,xavier,42
82,0.0161511719,1.0000,xavier,42
83,0.0157124523,1.0000,xavier,42
84,0.0153773479,1.0000,xavier,42
85,0.0149626359,1.0000,xavier,42
86,0.0145701068,1.0000,xavier,42
87,0.0142335532,1.0000,xavier,42
88,0.0139093699,1.0000,xavier,42
89,0.0135971705,1.0000,xavier,42
90,0.0132961171,1.0000,xavier,42
91,0.0130062563,1.0000,xavier,42
92,0.0127291539,1.0000,xavier,42
93,0.0124620387,1.0000,xavier,42
94,0.0122044670,1.0000,xavier,42
95,0.0119614337,1.0000,xavier,42
96,0.0117242312,1.0000,xavier,42
97,0.0114910634,1.0000,xavier,42
98,0.0112685742,1.0000,xavier,42
99,0.0110557601,1.0000,xavier,42
100,0.0108503949,1.0000,xavier,42
101,0.0106517934,1.0000,xavier,42
102,0.0104605176,1.0000,xavier,42
103,0.0102950434,1.0000,xavier,42
104,0.0101063088,1.0000,xavier,42
105,0.0099366107,1.0000,xavier,42
106,0.0097782172,1.0000,xavier,42
107,0.0096239887,1.0000,xavier,42
108,0.0094748521,1.0000,xavier,42
109,0.0093281691,1.0000,xavier,42
110,0.0091855014,1.0000,xavier,42
111,0.0090462766,1.0000,xavier,42
112,0.0089116464,1.0000,xavier,42
113,0.0087789966,1.0000,xavier,42
114,0.0086500325,1.0000,xavier,42
115,0.0085224273,1.0000,xavier,42
116,0.0083979744,1.0000,xavier,42
117,0.0082781938,1.0000,xavier,42
118,0.0081606504,1.0000,xavier,42
119,0.0080464622,1.0000,xavier,42
120,0.0079344881,1.0000,xavier,42
121,0.0078243830,1.0000,xavier,42
122,0.0077246215,1.0000,xavier,42
123,0.0076171849,1.0000,xavier,42
124,0.0075182275,1.0000,xavier,42
125,0.0074219199,1.0000,xavier,42
126,0.0073278851,1.0000,xavier,42
127,0.0072348933,1.0000,xavier,42
128,0.0071492460,1.0000,xavier,42
129,0.0070577594,1.0000,xavier,42
130,0.0069736253,1.0000,xavier,42
131,0.0068899226,1.0000,xavier,42
132,0.0068086490,1.0000,xavier,42
133,0.0067281614,1.0000,xavier,42
134,0.0066485241,1.0000,xavier,42
135,0.0065703057,1.0000,xavier,42
136,0.0064951289,1.0000,xavier,42
137,0.0064197091,1.0000,xavier,42
138,0.0063444303,1.0000,xavier,42
139,0.0062723820,1.0000,xavier,42
140,0.0062014284,1.0000,xavier,42
141,0.0061346677,1.0000,xavier,42
142,0.0060655415,1.0000,xavier,42
143,0.0059997571,1.0000,xavier,42
144,0.0059352217,1.0000,xavier,42
145,0.0058712526,1.0000,xavier,42
146,0.0058078978,1.0000,xavier,42
147,0.0057474453,1.0000,xavier,42
148,0.0056868820,1.0000,xavier,42
149,0.0056260952,1.0000,xavier,42
150,0.0055662221,1.0000,xavier,42
151,0.0055132756,1.0000,xavier,42
152,0.0054534021,1.0000,xavier,42
153,0.0053989901,1.0000,xavier,42
154,0.0053451920,1.0000,xavier,42
155,0.0052918628,1.0000,xavier,42
156,0.0052390653,1.0000,xavier,42
157,0.0051881270,1.0000,xavier,42
158,0.0051375343,1.0000,xavier,42
159,0.0050864681,1.0000,xavier,42
160,0.0050362148,1.0000,xavier,42
161,0.0049876364,1.0000,xavier,42
162,0.0049392084,1.0000,xavier,42
163,0.0049000197,1.0000,xavier,42
164,0.0048457238,1.0000,xavier,42
165,0.0048016350,1.0000,xavier,42
166,0.0047574054,1.0000,xavier,42
167,0.0047131530,1.0000,xavier,42
168,0.0046703931,1.0000,xavier,42
169,0.0046282505,1.0000,xavier,42
170,0.0045861870,1.0000,xavier,42
171,0.0045441070,1.0000,xavier,42
172,0.0045026366,1.0000,xavier,42
173,0.0044628451,1.0000,xavier,42
174,0.0044229413,1.0000,xavier,42
175,0.0043843776,1.0000,xavier,42
176,0.0043467679,1.0000,xavier,42
177,0.0043088851,1.0000,xavier,42
178,0.0042715987,1.0000,xavier,42
179,0.0042348732,1.0000,xavier,42
180,0.0041985263,1.0000,xavier,42
181,0.0041624163,1.0000,xavier,42
182,0.0041268239,1.0000,xavier,42
183,0.0040916635,1.0000,xavier,42
184,0.0040572058,1.0000,xavier,42
185,0.0040226835,1.0000,xavier,42
186,0.0039925851,1.0000,xavier,42
187,0.0039564646,1.0000,xavier,42
188,0.0039249515,1.0000,xavier,42
189,0.0038931803,1.0000,xavier,42
190,0.0038613919,1.0000,xavier,42
191,0.0038303492,1.0000,xavier,42
192,0.0037995452,1.0000,xavier,42
193,0.0037696591,1.0000,xavier,42
194,0.0037394580,1.0000,xavier,42
195,0.0037089619,1.0000,xavier,42
196,0.0036790529,1.0000,xavier,42
197,0.0036544245,1.0000,xavier,42
198,0.0036224292,1.0000,xavier,42
199,0.0035947104,1.0000,xavier,42
200,0.0035673290,1.0000,xavier,42
201,0.0035400933,1.0000,xavier,42
202,0.0035131941,1.0000,xavier,42
203,0.0034864789,1.0000,xavier,42
204,0.0034596832,1.0000,xavier,42
205,0.0034335952,1.0000,xavier,42
206,0.0034075902,1.0000,xavier,42
207,0.0033821636,1.0000,xavier,42
208,0.0033565107,1.0000,xavier,42
209,0.0033370577,1.0000,xavier,42
210,0.0033085909,1.0000,xavier,42
211,0.0032856821,1.0000,xavier,42
212,0.0032626137,1.0000,xavier,42
213,0.0032395654,1.0000,xavier,42
214,0.0032166085,1.0000,xavier,42
215,0.0031938775,1.0000,xavier,42
216,0.0031708204,1.0000,xavier,42
217,0.0031478508,1.0000,xavier,42
218,0.0031254106,1.0000,xavier,42
219,0.0031027492,1.0000,xavier,42
220,0.0030802867,1.0000,xavier,42
221,0.0030597720,1.0000,xavier,42
222,0.0030379550,1.0000,xavier,42
223,0.0030175175,1.0000,xavier,42
224,0.0029974564,1.0000,xavier,42
225,0.0029770409,1.0000,xavier,42
226,0.0029566738,1.0000,xavier,42
227,0.0029367297,1.0000,xavier,42
228,0.0029166856,1.0000,xavier,42
229,0.0028966167,1.0000,xavier,42
230,0.0028765353,1.0000,xavier,42
231,0.0028573005,1.0000,xavier,42
232,0.0028383703,1.0000,xavier,42
233,0.0028192078,1.0000,xavier,42
234,0.0028039091,1.0000,xavier,42
235,0.0027820858,1.0000,xavier,42
236,0.0027639473,1.0000,xavier,42
237,0.0027459288,1.0000,xavier,42
238,0.0027282353,1.0000,xavier,42
239,0.0027105123,1.0000,xavier,42
240,0.0026930529,1.0000,xavier,42
241,0.0026756470,1.0000,xavier,42
242,0.0026583387,1.0000,xavier,42
243,0.0026412359,1.0000,xavier,42
244,0.0026241727,1.0000,xavier,42
245,0.0026075054,1.0000,xavier,42
246,0.0025914777,1.0000,xavier,42
247,0.0025753037,1.0000,xavier,42
248,0.0025597602,1.0000,xavier,42
249,0.0025441487,1.0000,xavier,42
250,0.0025284019,1.0000,xavier,42
251,0.0025127725,1.0000,xavier,42
252,0.0024972360,1.0000,xavier,42
253,0.0024816949,1.0000,xavier,42
254,0.0024665242,1.0000,xavier,42
255,0.0024515052,1.0000,xavier,42
256,0.0024364133,1.0000,xavier,42
257,0.0024210999,1.0000,xavier,42
258,0.0024064059,1.0000,xavier,42
259,0.0023938221,1.0000,xavier,42
260,0.0023779634,1.0000,xavier,42
261,0.0023641135,1.0000,xavier,42
262,0.0023502683,1.0000,xavier,42
263,0.0023380985,1.0000,xavier,42
264,0.0023232090,1.0000,xavier,42
265,0.0023099457,1.0000,xavier,42
266,0.0022967171,1.0000,xavier,42
267,0.0022836804,1.0000,xavier,42
268,0.0022704311,1.0000,xavier,42
269,0.0022571101,1.0000,xavier,42
270,0.0022440745,1.0000,xavier,42
271,0.0022327806,1.0000,xavier,42
272,0.0022183673,1.0000,xavier,42
273,0.0022057017,1.0000,xavier,42
274,0.0021931869,1.0000,xavier,42
275,0.0021807636,1.0000,xavier,42
276,0.0021687517,1.0000,xavier,42
277,0.0021567120,1.0000,xavier,42
278,0.0021447525,1.0000,xavier,42
279,0.0021327461,1.0000,xavier,42
280,0.0021207708,1.0000,xavier,42
281,0.0021088595,1.0000,xavier,42
282,0.0020969246,1.0000,xavier,42
283,0.0020850226,1.0000,xavier,42
284,0.0020746831,1.0000,xavier,42
285,0.0020627337,1.0000,xavier,42
286,0.0020517150,1.0000,xavier,42
287,0.0020407704,1.0000,xavier,42
288,0.0020297273,1.0000,xavier,42
289,0.0020187397,1.0000,xavier,42
290,0.0020077543,1.0000,xavier,42
291,0.0019970005,1.0000,xavier,42
292,0.0019864541,1.0000,xavier,42
293,0.0019758012,1.0000,xavier,42
294,0.0019652433,1.0000,xavier,42
295,0.0019547123,1.0000,xavier,42
296,0.0019441728,1.0000,xavier,42
297,0.0019343875,1.0000,xavier,42
298,0.0019236334,1.0000,xavier,42
299,0.0019139516,1.0000,xavier,42
300,0.0019041417,1.0000,xavier,42
Final: loss=0.001904, accuracy=100.00%, initialization=xavier, seed=42
