epoch,loss,accuracy,initialization,seed
1,0.7498574301,0.7500,he,42
2,0.7232848790,0.7500,he,42
3,0.7099117449,0.2500,he,42
4,0.7009566254,0.5000,he,42
5,0.6940612095,0.5000,he,42
6,0.6859583453,0.5000,he,42
7,0.6763857053,0.5000,he,42
8,0.6662109323,0.5000,he,42
9,0.6556922026,0.7500,he,42
10,0.6465937726,0.7500,he,42
11,0.6368476539,1.0000,he,42
12,0.6259682321,1.0000,he,42
13,0.6141069018,1.0000,he,42
14,0.6026305421,1.0000,he,42
15,0.5886476570,1.0000,he,42
16,0.5724798524,1.0000,he,42
17,0.5529871669,1.0000,he,42
18,0.5341268109,1.0000,he,42
19,0.5117440929,1.0000,he,42
20,0.4863441395,1.0000,he,42
21,0.4657899125,1.0000,he,42
22,0.4430647153,1.0000,he,42
23,0.4178879639,1.0000,he,42
24,0.3933561095,1.0000,he,42
25,0.3712337664,1.0000,he,42
26,0.3504320283,1.0000,he,42
27,0.3283661556,1.0000,he,42
28,0.3122653988,1.0000,he,42
29,0.2940653025,1.0000,he,42
30,0.2752724757,1.0000,he,42
31,0.2558636796,1.0000,he,42
32,0.2363134830,1.0000,he,42
33,0.2185163078,1.0000,he,42
34,0.2040367517,1.0000,he,42
35,0.1899756114,1.0000,he,42
36,0.1777323576,1.0000,he,42
37,0.1660505718,1.0000,he,42
38,0.1549287475,1.0000,he,42
39,0.1451767926,1.0000,he,42
40,0.1353430884,1.0000,he,42
41,0.1266278696,1.0000,he,42
42,0.1185533589,1.0000,he,42
43,0.1108929297,1.0000,he,42
44,0.1042305957,1.0000,he,42
45,0.0977931193,1.0000,he,42
46,0.0922700907,1.0000,he,42
47,0.0871618272,1.0000,he,42
48,0.0823762089,1.0000,he,42
49,0.0778870991,1.0000,he,42
50,0.0737493242,1.0000,he,42
51,0.0698936060,1.0000,he,42
52,0.0663028744,1.0000,he,42
53,0.0629951214,1.0000,he,42
54,0.0599795645,1.0000,he,42
55,0.0571731364,1.0000,he,42
56,0.0545473144,1.0000,he,42
57,0.0521247675,1.0000,he,42
58,0.0498474341,1.0000,he,42
59,0.0477053137,1.0000,he,42
60,0.0456912890,1.0000,he,42
61,0.0438177211,1.0000,he,42
62,0.0420726584,1.0000,he,42
63,0.0404284432,1.0000,he,42
64,0.0388805689,1.0000,he,42
65,0.0374320600,1.0000,he,42
66,0.0361000198,1.0000,he,42
67,0.0348035159,1.0000,he,42
68,0.0336086771,1.0000,he,42
69,0.0324818453,1.0000,he,42
70,0.0314217092,1.0000,he,42
71,0.0304209880,1.0000,he,42
72,0.0294819633,1.0000,he,42
73,0.0285951452,1.0000,he,42
74,0.0278643762,1.0000,he,42
75,0.0269653684,1.0000,he,42
76,0.0262138223,1.0000,he,42
77,0.0255020048,1.0000,he,42
78,0.0248243626,1.0000,he,42
79,0.0241762747,1.0000,he,42
80,0.0235600441,1.0000,he,42
81,0.0229716207,1.0000,he,42
82,0.0224133030,1.0000,he,42
83,0.0218798463,1.0000,he,42
84,0.0213679682,1.0000,he,42
85,0.0208765431,1.0000,he,42
86,0.0204066019,1.0000,he,42
87,0.0199547187,1.0000,he,42
88,0.0195200740,1.0000,he,42
89,0.0191489223,1.0000,he,42
90,0.0187184358,1.0000,he,42
91,0.0183436106,1.0000,he,42
92,0.0179838881,1.0000,he,42
93,0.0176375820,1.0000,he,42
94,0.0173013307,1.0000,he,42
95,0.0169750574,1.0000,he,42
96,0.0166596961,1.0000,he,42
97,0.0163537346,1.0000,he,42
98,0.0160570866,1.0000,he,42
99,0.0157722725,1.0000,he,42
100,0.0154956461,1.0000,he,42
101,0.0152265296,1.0000,he,42
102,0.0149671354,1.0000,he,42
103,0.0147143493,1.0000,he,42
104,0.0144674998,1.0000,he,42
105,0.0142408694,1.0000,he,42
106,0.0140049766,1.0000,he,42
107,0.0138113274,1.0000,he,42
108,0.0135795142,1.0000,he,42
109,0.0133765226,1.0000,he,42
110,0.0131781794,1.0000,he,42
111,0.0129829489,1.0000,he,42
112,0.0127922799,1.0000,he,42
113,0.0126063199,1.0000,he,42
114,0.0124249173,1.0000,he,42
115,0.0122475577,1.0000,he,42
116,0.0120741667,1.0000,he,42
117,0.0119043938,1.0000,he,42
118,0.0117375354,1.0000,he,42
119,0.0115735373,1.0000,he,42
120,0.0114138126,1.0000,he,42
121,0.0112855562,1.0000,he,42
122,0.0111173362,1.0000,he,42
123,0.0109783962,1.0000,he,42
124,0.0108409240,1.0000,he,42
125,0.0107057937,1.0000,he,42
126,0.0105723407,1.0000,he,42
127,0.0104404615,1.0000,he,42
128,0.0103112359,1.0000,he,42
129,0.0101846466,1.0000,he,42
130,0.0100589546,1.0000,he,42
131,0.0099351593,1.0000,he,42
132,0.0098143561,1.0000,he,42
133,0.0096949908,1.0000,he,42
134,0.0095788837,1.0000,he,42
135,0.0094723586,1.0000,he,42
136,0.0093679429,1.0000,he,42
137,0.0092503372,1.0000,he,42
138,0.0091596302,1.0000,he,42
139,0.0090471896,1.0000,he,42
140,0.0089500859,1.0000,he,42
141,0.0088535802,1.0000,he,42
142,0.0087580567,1.0000,he,42
143,0.0086634298,1.0000,he,42
144,0.0085722062,1.0000,he,42
145,0.0084818750,1.0000,he,42
146,0.0083909644,1.0000,he,42
147,0.0083010148,1.0000,he,42
148,0.0082126649,1.0000,he,42
149,0.0081263871,1.0000,he,42
150,0.0080410747,1.0000,he,42
151,0.0079565951,1.0000,he,42
152,0.0078729976,1.0000,he,42
153,0.0077916491,1.0000,he,42
154,0.0077115905,1.0000,he,42
155,0.0076323321,1.0000,he,42
156,0.0075573830,1.0000,he,42
157,0.0074815298,1.0000,he,42
158,0.0074133898,1.0000,he,42
159,0.0073376377,1.0000,he,42
160,0.0072693442,1.0000,he,42
161,0.0072013440,1.0000,he,42
162,0.0071339319,1.0000,he,42
163,0.0070661214,1.0000,he,42
164,0.0069988431,1.0000,he,42
165,0.0069320943,1.0000,he,42
166,0.0068735068,1.0000,he,42
167,0.0068032865,1.0000,he,42
168,0.0067402803,1.0000,he,42
169,0.0066775375,1.0000,he,42
170,0.0066167454,1.0000,he,42
171,0.0065574905,1.0000,he,42
172,0.0064986486,1.0000,he,42
173,0.0064398327,1.0000,he,42
174,0.0063811302,1.0000,he,42
175,0.0063231459,1.0000,he,42
176,0.0062838789,1.0000,he,42
177,0.0062124386,1.0000,he,42
178,0.0061597328,1.0000,he,42
179,0.0061091680,1.0000,he,42
180,0.0060578029,1.0000,he,42
181,0.0060067030,1.0000,he,42
182,0.0059566593,1.0000,he,42
183,0.0059066473,1.0000,he,42
184,0.0058570043,1.0000,he,42
185,0.0058076085,1.0000,he,42
186,0.0057583417,1.0000,he,42
187,0.0057098281,1.0000,he,42
188,0.0056618619,1.0000,he,42
189,0.0056151882,1.0000,he,42
190,0.0055688559,1.0000,he,42
191,0.0055228915,1.0000,he,42
192,0.0054773174,1.0000,he,42
193,0.0054321528,1.0000,he,42
194,0.0053913642,1.0000,he,42
195,0.0053476949,1.0000,he,42
196,0.0053039590,1.0000,he,42
197,0.0052631571,1.0000,he,42
198,0.0052229501,1.0000,he,42
199,0.0051865691,1.0000,he,42
200,0.0051458122,1.0000,he,42
201,0.0051080957,1.0000,he,42
202,0.0050701488,1.0000,he,42
203,0.0050320314,1.0000,he,42
204,0.0049939043,1.0000,he,42
205,0.0049558676,1.0000,he,42
206,0.0049186819,1.0000,he,42
207,0.0048815595,1.0000,he,42
208,0.0048445055,1.0000,he,42
209,0.0048079549,1.0000,he,42
210,0.0047715217,1.0000,he,42
211,0.0047356897,1.0000,he,42
212,0.0047001092,1.0000,he,42
213,0.0046644809,1.0000,he,42
214,0.0046298940,1.0000,he,42
215,0.0045960722,1.0000,he,42
216,0.0045669326,1.0000,he,42
217,0.0045304641,1.0000,he,42
218,0.0045012097,1.0000,he,42
219,0.0044679393,1.0000,he,42
220,0.0044367623,1.0000,he,42
221,0.0044061036,1.0000,he,42
222,0.0043759307,1.0000,he,42
223,0.0043459859,1.0000,he,42
224,0.0043202904,1.0000,he,42
225,0.0042867532,1.0000,he,42
226,0.0042576097,1.0000,he,42
227,0.0042284687,1.0000,he,42
228,0.0041995747,1.0000,he,42
229,0.0041718216,1.0000,he,42
230,0.0041438753,1.0000,he,42
231,0.0041160179,1.0000,he,42
232,0.0040883462,1.0000,he,42
233,0.0040606523,1.0000,he,42
234,0.0040333757,1.0000,he,42
235,0.0040059626,1.0000,he,42
236,0.0039784943,1.0000,he,42
237,0.0039557044,1.0000,he,42
238,0.0039265880,1.0000,he,42
239,0.0039015717,1.0000,he,42
240,0.0038767465,1.0000,he,42
241,0.0038519873,1.0000,he,42
242,0.0038283885,1.0000,he,42
243,0.0038036641,1.0000,he,42
244,0.0037797638,1.0000,he,42
245,0.0037561634,1.0000,he,42
246,0.0037326202,1.0000,he,42
247,0.0037090428,1.0000,he,42
248,0.0036859361,1.0000,he,42
249,0.0036627580,1.0000,he,42
250,0.0036394445,1.0000,he,42
251,0.0036163560,1.0000,he,42
252,0.0035937425,1.0000,he,42
253,0.0035715595,1.0000,he,42
254,0.0035527583,1.0000,he,42
255,0.0035276901,1.0000,he,42
256,0.0035061311,1.0000,he,42
257,0.0034846952,1.0000,he,42
258,0.0034633297,1.0000,he,42
259,0.0034481458,1.0000,he,42
260,0.0034224254,1.0000,he,42
261,0.0034026958,1.0000,he,42
262,0.0033828430,1.0000,he,42
263,0.0033630702,1.0000,he,42
264,0.0033453517,1.0000,he,42
265,0.0033246072,1.0000,he,42
266,0.0033054615,1.0000,he,42
267,0.0032864705,1.0000,he,42
268,0.0032677197,1.0000,he,42
269,0.0032489301,1.0000,he,42
270,0.0032301914,1.0000,he,42
271,0.0032117001,1.0000,he,42
272,0.0031930833,1.0000,he,42
273,0.0031746143,1.0000,he,42
274,0.0031561885,1.0000,he,42
275,0.0031378841,1.0000,he,42
276,0.0031197445,1.0000,he,42
277,0.0031016638,1.0000,he,42
278,0.0030836170,1.0000,he,42
279,0.0030660555,1.0000,he,42
280,0.0030487296,1.0000,he,42
281,0.0030368043,1.0000,he,42
282,0.0030153163,1.0000,he,42
283,0.0029988544,1.0000,he,42
284,0.0029825528,1.0000,he,42
285,0.0029685776,1.0000,he,42
286,0.0029503602,1.0000,he,42
287,0.0029346709,1.0000,he,42
288,0.0029189828,1.0000,he,42
289,0.0029037247,1.0000,he,42
290,0.0028885001,1.0000,he,42
291,0.0028736327,1.0000,he,42
292,0.0028586816,1.0000,he,42
293,0.0028436841,1.0000,he,42
294,0.0028285958,1.0000,he,42
295,0.0028133989,1.0000,he,42
296,0.0027982918,1.0000,he,42
297,0.0027831142,1.0000,he,42
298,0.0027678913,1.0000,he,42
299,0.0027532188,1.0000,he,42
300,0.0027387371,1.0000,he,42
Final: loss=0.002739, accuracy=100.00%, initialization=he, seed=42
